{
  "Branches": [
    {
      "Id": "4d404cf0-79bb-470e-bb45-21df90291606",
      "Name": "Sandawa",
      "Address": "Sandawa, Davao City",
      "IsActive": true,
      "BranchCode": "SDW-010",
      "IsArchived": false
    },
    {
      "Id": "3a3d7eed-58ba-4dc9-90d0-b3cd2db5a5d9",
      "Name": "Claveria HQ",
      "Address": "Claveria St., Davao City",
      "IsActive": true,
      "BranchCode": "CHQ-001",
      "IsArchived": true
    }
  ],
  "Sales": [
    {
      "Id": "fad09980-7a4b-46e3-ade1-8e52a7a5e02c",
      "OrderId": "CTX-2026-0001",
      "CustomerName": "Executive Demo Walk-in",
      "Amount": 6300.00,
      "ProductName": "Cloud Backup Subscription",
      "Quantity": 5,
      "UnitPrice": 1200.00,
      "Status": "Completed",
      "Date": "2026-05-10T21:39:37.5516854",
      "BranchId": "4d404cf0-79bb-470e-bb45-21df90291606",
      "Branch": {
        "Id": "4d404cf0-79bb-470e-bb45-21df90291606",
        "Name": "Sandawa",
        "Address": "Sandawa, Davao City",
        "IsActive": true,
        "BranchCode": "SDW-010",
        "IsArchived": false
      },
      "IsArchived": false
    }
  ],
  "Expenses": [],
  "Timestamp": "2026-05-11T08:28:26.2166988+08:00",
  "SystemVersion": "2.0.0"
}